#-----------------------------------------------------------
# Vivado v2018.1 (64-bit)
# SW Build 2188600 on Wed Apr  4 18:40:38 MDT 2018
# IP Build 2185939 on Wed Apr  4 20:55:05 MDT 2018
# Start of session at: Wed Jun 20 14:24:04 2018
# Process ID: 7428
# Current directory: F:/Documenti 2/University/Magistrale/Progettazione di Sistemi Integrati/VHDL projects/Xilinx_contest/Skinny/Skinny_128_128_parallel/Skinny_128_128_parallel.runs/impl_1
# Command line: vivado.exe -log Testing_IP.vdi -applog -product Vivado -messageDb vivado.pb -mode batch -source Testing_IP.tcl -notrace
# Log file: F:/Documenti 2/University/Magistrale/Progettazione di Sistemi Integrati/VHDL projects/Xilinx_contest/Skinny/Skinny_128_128_parallel/Skinny_128_128_parallel.runs/impl_1/Testing_IP.vdi
# Journal file: F:/Documenti 2/University/Magistrale/Progettazione di Sistemi Integrati/VHDL projects/Xilinx_contest/Skinny/Skinny_128_128_parallel/Skinny_128_128_parallel.runs/impl_1\vivado.jou
#-----------------------------------------------------------
source Testing_IP.tcl -notrace
