#-----------------------------------------------------------
# Vivado v2018.1 (64-bit)
# SW Build 2188600 on Wed Apr  4 18:39:19 MDT 2018
# IP Build 2185939 on Wed Apr  4 20:55:05 MDT 2018
# Start of session at: Sun Jun 24 16:52:38 2018
# Process ID: 5051
# Current directory: /home/sam/Desktop/VIVADO_git_PSI_ciphers/VIVADO-lightweight-crypto-project
# Command line: vivado
# Log file: /home/sam/Desktop/VIVADO_git_PSI_ciphers/VIVADO-lightweight-crypto-project/vivado.log
# Journal file: /home/sam/Desktop/VIVADO_git_PSI_ciphers/VIVADO-lightweight-crypto-project/vivado.jou
#-----------------------------------------------------------
start_gui
open_project /home/sam/Desktop/VIVADO_git_PSI_ciphers/VIVADO-lightweight-crypto-project/Skinny/Skinny_128_128_parallel/Skinny_128_128_parallel.xpr
update_compile_order -fileset sources_1
launch_simulation
source Testing_TB.tcl
reset_run synth_1
launch_runs impl_1 -to_step write_bitstream -jobs 8
wait_on_run impl_1
open_hw
connect_hw_server
open_hw_target
set_property PROGRAM.FILE {/home/sam/Desktop/VIVADO_git_PSI_ciphers/VIVADO-lightweight-crypto-project/Skinny/Skinny_128_128_parallel/Skinny_128_128_parallel.runs/impl_1/Testing_IP.bit} [get_hw_devices xc7z010_1]
current_hw_device [get_hw_devices xc7z010_1]
refresh_hw_device -update_hw_probes false [lindex [get_hw_devices xc7z010_1] 0]
set_property PROBES.FILE {} [get_hw_devices xc7z010_1]
set_property FULL_PROBES.FILE {} [get_hw_devices xc7z010_1]
set_property PROGRAM.FILE {/home/sam/Desktop/VIVADO_git_PSI_ciphers/VIVADO-lightweight-crypto-project/Skinny/Skinny_128_128_parallel/Skinny_128_128_parallel.runs/impl_1/Testing_IP.bit} [get_hw_devices xc7z010_1]
program_hw_devices [get_hw_devices xc7z010_1]
refresh_hw_device [lindex [get_hw_devices xc7z010_1] 0]
close_sim
