#-----------------------------------------------------------
# Vivado v2018.1 (64-bit)
# SW Build 2188600 on Wed Apr  4 18:40:38 MDT 2018
# IP Build 2185939 on Wed Apr  4 20:55:05 MDT 2018
# Start of session at: Tue Jun 26 18:49:37 2018
# Process ID: 7948
# Current directory: F:/Documenti 2/University/Magistrale/Progettazione di Sistemi Integrati/VHDL projects/Xilinx_contest/Simon/Simon_64_128_parallel
# Command line: vivado.exe -gui_launcher_event rodinguilauncherevent9744 F:\Documenti 2\University\Magistrale\Progettazione di Sistemi Integrati\VHDL projects\Xilinx_contest\Simon\Simon_64_128_parallel\Simon_64_128_parallel.xpr
# Log file: F:/Documenti 2/University/Magistrale/Progettazione di Sistemi Integrati/VHDL projects/Xilinx_contest/Simon/Simon_64_128_parallel/vivado.log
# Journal file: F:/Documenti 2/University/Magistrale/Progettazione di Sistemi Integrati/VHDL projects/Xilinx_contest/Simon/Simon_64_128_parallel\vivado.jou
#-----------------------------------------------------------
start_gui
open_project {F:/Documenti 2/University/Magistrale/Progettazione di Sistemi Integrati/VHDL projects/Xilinx_contest/Simon/Simon_64_128_parallel/Simon_64_128_parallel.xpr}
update_compile_order -fileset sources_1
reset_run synth_1
launch_runs impl_1 -jobs 8
wait_on_run impl_1
