#-----------------------------------------------------------
# Vivado v2018.1 (64-bit)
# SW Build 2188600 on Wed Apr  4 18:40:38 MDT 2018
# IP Build 2185939 on Wed Apr  4 20:55:05 MDT 2018
# Start of session at: Wed Jun 27 14:44:36 2018
# Process ID: 2648
# Current directory: F:/Documenti 2/University/Magistrale/Progettazione di Sistemi Integrati/VHDL projects/Xilinx_contest/Simeck/Simeck_64_128_parallel
# Command line: vivado.exe -gui_launcher_event rodinguilauncherevent1076 F:\Documenti 2\University\Magistrale\Progettazione di Sistemi Integrati\VHDL projects\Xilinx_contest\Simeck\Simeck_64_128_parallel\Simeck_64_128_parallel.xpr
# Log file: F:/Documenti 2/University/Magistrale/Progettazione di Sistemi Integrati/VHDL projects/Xilinx_contest/Simeck/Simeck_64_128_parallel/vivado.log
# Journal file: F:/Documenti 2/University/Magistrale/Progettazione di Sistemi Integrati/VHDL projects/Xilinx_contest/Simeck/Simeck_64_128_parallel\vivado.jou
#-----------------------------------------------------------
start_gui
open_project {F:/Documenti 2/University/Magistrale/Progettazione di Sistemi Integrati/VHDL projects/Xilinx_contest/Simeck/Simeck_64_128_parallel/Simeck_64_128_parallel.xpr}
update_compile_order -fileset sources_1
