Copyright 1986-2018 Xilinx, Inc. All Rights Reserved.
-----------------------------------------------------------------------------------------
| Tool Version : Vivado v.2018.1 (lin64) Build 2188600 Wed Apr  4 18:39:19 MDT 2018
| Date         : Fri Jun 29 11:19:05 2018
| Host         : sam-xubuntu running 64-bit Ubuntu 16.04.4 LTS
| Command      : report_control_sets -verbose -file AES_AXIS_top_control_sets_placed.rpt
| Design       : AES_AXIS_top
| Device       : xc7z010
-----------------------------------------------------------------------------------------

Control Set Information

Table of Contents
-----------------
1. Summary
2. Histogram
3. Flip-Flop Distribution
4. Detailed Control Set Information

1. Summary
----------

+----------------------------------------------------------+-------+
|                          Status                          | Count |
+----------------------------------------------------------+-------+
| Number of unique control sets                            |    15 |
| Unused register locations in slices containing registers |     9 |
+----------------------------------------------------------+-------+


2. Histogram
------------

+--------+--------------+
| Fanout | Control Sets |
+--------+--------------+
|      4 |            1 |
|      5 |            1 |
|      6 |            1 |
|      8 |            1 |
|    16+ |           11 |
+--------+--------------+


3. Flip-Flop Distribution
-------------------------

+--------------+-----------------------+------------------------+-----------------+--------------+
| Clock Enable | Synchronous Set/Reset | Asynchronous Set/Reset | Total Registers | Total Slices |
+--------------+-----------------------+------------------------+-----------------+--------------+
| No           | No                    | No                     |               5 |            3 |
| No           | No                    | Yes                    |               0 |            0 |
| No           | Yes                   | No                     |               0 |            0 |
| Yes          | No                    | No                     |             544 |          197 |
| Yes          | No                    | Yes                    |               4 |            1 |
| Yes          | Yes                   | No                     |             142 |           52 |
+--------------+-----------------------+------------------------+-----------------+--------------+


4. Detailed Control Set Information
-----------------------------------

+-----------------+------------------------------+-------------------------------+------------------+----------------+
|   Clock Signal  |         Enable Signal        |        Set/Reset Signal       | Slice Load Count | Bel Load Count |
+-----------------+------------------------------+-------------------------------+------------------+----------------+
|  ACLK_IBUF_BUFG | AES/INST_CNT/SEL_IN          | AES/INST_KEY_SCHEDULE/SR[0]   |                1 |              4 |
|  ACLK_IBUF_BUFG |                              |                               |                3 |              5 |
|  ACLK_IBUF_BUFG | AES/E[0]                     | FSM_onehot_state[5]_i_1_n_0   |                1 |              6 |
|  ACLK_IBUF_BUFG | AES/INST_KEY_REG/E[0]        | AES/INST_KEY_SCHEDULE/SR[0]   |                4 |              8 |
|  ACLK_IBUF_BUFG | M_AXIS_TDATA[31]_i_1_n_0     |                               |               18 |             32 |
|  ACLK_IBUF_BUFG | key_buf[0][31]_i_1_n_0       |                               |               10 |             32 |
|  ACLK_IBUF_BUFG | key_buf[1][31]_i_1_n_0       |                               |               10 |             32 |
|  ACLK_IBUF_BUFG | key_buf[2][31]_i_1_n_0       |                               |               13 |             32 |
|  ACLK_IBUF_BUFG | key_buf[3][31]_i_1_n_0       |                               |                6 |             32 |
|  ACLK_IBUF_BUFG | plaintext_buf[0][31]_i_1_n_0 |                               |               13 |             32 |
|  ACLK_IBUF_BUFG | plaintext_buf[1][31]_i_1_n_0 |                               |               11 |             32 |
|  ACLK_IBUF_BUFG | plaintext_buf[2][31]_i_1_n_0 |                               |               10 |             32 |
|  ACLK_IBUF_BUFG | plaintext_buf[3][31]_i_1_n_0 |                               |               13 |             32 |
|  ACLK_IBUF_BUFG | AES/ciphertext_buf_reg[0][0] | AES/ciphertext_buf_reg[3][31] |               47 |            128 |
|  ACLK_IBUF_BUFG | AES/INST_KEY_REG/E[0]        |                               |               93 |            256 |
+-----------------+------------------------------+-------------------------------+------------------+----------------+


