#-----------------------------------------------------------
# Webtalk v2018.1 (64-bit)
# SW Build 2188600 on Wed Apr  4 18:40:38 MDT 2018
# IP Build 2185939 on Wed Apr  4 20:55:05 MDT 2018
# Start of session at: Mon Jun 25 23:46:38 2018
# Process ID: 4264
# Current directory: F:/Documenti 2/University/Magistrale/Progettazione di Sistemi Integrati/VHDL projects/Xilinx_contest/Simeck/Simeck_48_96_parallel/Simeck_48_96_parallel.sim/sim_1/behav/xsim
# Command line: wbtcv.exe -mode batch -source F:/Documenti 2/University/Magistrale/Progettazione di Sistemi Integrati/VHDL projects/Xilinx_contest/Simeck/Simeck_48_96_parallel/Simeck_48_96_parallel.sim/sim_1/behav/xsim/xsim.dir/Testing_IP_TB_behav/webtalk/xsim_webtalk.tcl -notrace
# Log file: F:/Documenti 2/University/Magistrale/Progettazione di Sistemi Integrati/VHDL projects/Xilinx_contest/Simeck/Simeck_48_96_parallel/Simeck_48_96_parallel.sim/sim_1/behav/xsim/webtalk.log
# Journal file: F:/Documenti 2/University/Magistrale/Progettazione di Sistemi Integrati/VHDL projects/Xilinx_contest/Simeck/Simeck_48_96_parallel/Simeck_48_96_parallel.sim/sim_1/behav/xsim\webtalk.jou
#-----------------------------------------------------------
source F:/Documenti -notrace
