#-----------------------------------------------------------
# Vivado v2018.1 (64-bit)
# SW Build 2188600 on Wed Apr  4 18:40:38 MDT 2018
# IP Build 2185939 on Wed Apr  4 20:55:05 MDT 2018
# Start of session at: Wed Jun 27 13:12:54 2018
# Process ID: 1648
# Current directory: F:/Documenti 2/University/Magistrale/Progettazione di Sistemi Integrati/VHDL projects/Xilinx_contest/Simon/Simon_64_128_serial
# Command line: vivado.exe -gui_launcher_event rodinguilauncherevent10060 F:\Documenti 2\University\Magistrale\Progettazione di Sistemi Integrati\VHDL projects\Xilinx_contest\Simon\Simon_64_128_serial\Simon_64_128_serial.xpr
# Log file: F:/Documenti 2/University/Magistrale/Progettazione di Sistemi Integrati/VHDL projects/Xilinx_contest/Simon/Simon_64_128_serial/vivado.log
# Journal file: F:/Documenti 2/University/Magistrale/Progettazione di Sistemi Integrati/VHDL projects/Xilinx_contest/Simon/Simon_64_128_serial\vivado.jou
#-----------------------------------------------------------
start_gui
open_project {F:/Documenti 2/University/Magistrale/Progettazione di Sistemi Integrati/VHDL projects/Xilinx_contest/Simon/Simon_64_128_serial/Simon_64_128_serial.xpr}
update_compile_order -fileset sources_1
launch_simulation
source Testing_IP_TB.tcl
run all
close_sim
set_property -name {xsim.simulate.runtime} -value {-all} -objects [get_filesets sim_1]
update_ip_catalog
update_ip_catalog
launch_simulation
source Testing_IP_TB.tcl
close_sim
